2026-09-22T21:36:16 Logfile initialized.
2026-09-22T21:36:16 App(1276): --------------------| Application |---------------------
2026-09-22T21:36:16 App(1277): App:     VS Visualizer
2026-09-22T21:36:16 App(1278): Version: 2019.0.10725
2026-09-22T21:36:16 App(1279): Company: Mechanical Simulation Corp.
2026-09-22T21:36:16 App(1280): --------------------| Environment |---------------------
2026-09-22T21:36:16 App(1281): Command Line: "F:\TruckSim2019\TruckSim2019.0_Prog\Programs\VsVisualizer\VsVisualizer.exe" -vsrap "F:\1tongji\1 分布式电驱\Research\TruckSim仿真\runs\hd_utility_ddev_single_wheel_deep_pothole\native\single_wheel_deep_pothole.vsrap" -vsrapoverwrite "F:\1tongji\1 分布式电驱\Research\TruckSim仿真\runs\hd_utility_ddev_single_wheel_deep_pothole\native\single_wheel_deep_pothole_all.par"
2026-09-22T21:36:16 App(1282): Program File: F:\TruckSim2019\TruckSim2019.0_Prog\Programs\VsVisualizer\VsVisualizer.exe
2026-09-22T21:36:16 App(1283): Working Dir:  F:\1tongji\1 分布式电驱\Research\TruckSim仿真
2026-09-22T21:36:16 App(1284): Documents:    C:\Users\32356\OneDrive\__\
2026-09-22T21:36:16 App(1285): Data Path:    C:\Users\32356\AppData\Local\VS Visualizer\2019\
2026-09-22T21:36:16 App(1286): Log File:     F:\1tongji\1 _____\Research\TruckSim__\runs\hd_utility_ddev_single_wheel_deep_pothole\native\single_wheel_deep_pothole.vsrap.log
2026-09-22T21:36:16 App(1287): --------------------| System |--------------------------
2026-09-22T21:36:16 App(1299): OS Version:        6.2 (build 9200)
2026-09-22T21:36:16 App(1316): CPU Architecture:  x64
2026-09-22T21:36:16 App(1317): CPU Count:         20
2026-09-22T21:36:16 App(1318): CPU Level/Rev:     6/47618
2026-09-22T21:36:16 App(1324): Start Mem Total:   32387 MB
2026-09-22T21:36:16 App(1325): Start Mem Used:    68%
2026-09-22T21:36:16 App(1327): --------------------------------------------------------
